
T14325.hs:11:9: error:
    • Occurs check: cannot construct the infinite type: b ~ f b
        arising from a superclass required to satisfy ‘C b (f b)’,
        arising from a use of ‘foo’
    • In the expression: foo x
      In an equation for ‘hm3’: hm3 x = foo x
    • Relevant bindings include
        x :: b (bound at T14325.hs:11:5)
        hm3 :: b -> f b (bound at T14325.hs:11:1)
