
T7525.hs:5:30: error:
    • Unbound implicit parameter (?b::Bool)
        arising from a use of implicit parameter ‘?b’
    • In the second argument of ‘(&&)’, namely ‘?b’
      In the expression: ?a && ?b
      In the expression: let ?a = True in ?a && ?b
