
NoBlockArgumentsFailArrowCmds.hs:7:27: error:
    Unexpected lambda command in function application:
        \ () -> () >- returnA
    Suggested fixes:
      You could write it with parentheses
      Perhaps you intended to use BlockArguments
