
NoBlockArgumentsFail3.hs:7:22: error:
    Unexpected lambda-case expression in function application:
        \case Just 3 -> print x
    Suggested fixes:
      You could write it with parentheses
      Perhaps you intended to use BlockArguments
